Футбол (від англ. football) — командний вид спорту, в який грають дві команди по одинадцять гравців зі сферичним м'ячем.
 Близько 250 мільйонів чоловіків і жінок із більш ніж 200 країн грають у футбол, що робить його найпопулярнішим у світі видом спорту.
 Футбол — олімпійський вид спорту.